// Jest Snapshot v1, https://goo.gl/fbAQLP

exports[`render App component 1`] = `
<div
  className="App"
>
  <div
    className="sc-bdnylx boKVLG"
  >
    12:00
  </div>
</div>
`;
