// Jest Snapshot v1, https://goo.gl/fbAQLP

exports[`Snapshot Tests render TimeBox component 1`] = `
<div
  className="sc-bdnylx boKVLG"
>
  11:12
</div>
`;
